[backblue.gif]
[fade.gif]
[index.html]
[www.ing.unrc.edu.ar/grupos/ipsep/images/inicio-faviconc724.ico]
[www.ing.unrc.edu.ar/grupos/ipsep/images/templatemo_header.jpg]
[www.ing.unrc.edu.ar/grupos/ipsep/images/resplandor68x64.png]
[www.ing.unrc.edu.ar/grupos/ipsep/images/resplandor69x65.png]
[www.ing.unrc.edu.ar/grupos/ipsep/images/logoipsep12-u3090.png]
[www.ing.unrc.edu.ar/grupos/ipsep/images/fondo letra.png]
[www.ing.unrc.edu.ar/grupos/ipsep/images/letra70x34.png]
[www.ing.unrc.edu.ar/grupos/ipsep/images/templatemo_middle.jpg]
[www.ing.unrc.edu.ar/grupos/ipsep/images/image_00-u693.png]
[www.ing.unrc.edu.ar/grupos/ipsep/images/image_01-u702.png]
[www.ing.unrc.edu.ar/grupos/ipsep/images/image_02-u711.png]
[www.ing.unrc.edu.ar/grupos/ipsep/images/image_03-u720.png]
[www.ing.unrc.edu.ar/grupos/ipsep/images/image_04-u729.png]
[www.ing.unrc.edu.ar/grupos/ipsep/images/image_05-u738.png]
[www.ing.unrc.edu.ar/grupos/ipsep/images/image_06-u747.png]
[www.ing.unrc.edu.ar/grupos/ipsep/images/image_07-u756.png]
[www.ing.unrc.edu.ar/grupos/ipsep/images/misión.png]
[www.ing.unrc.edu.ar/grupos/ipsep/images/resplandor.png]
[www.ing.unrc.edu.ar/grupos/ipsep/images/resplandor274x257.png]
[www.ing.unrc.edu.ar/grupos/ipsep/images/logoipsep13.png]
[www.ing.unrc.edu.ar/grupos/ipsep/images/letra.png]
[widgets.amung.us/map.js]
[www.ing.unrc.edu.ar/grupos/ipsep/images/escudo fi.png]
[www.ing.unrc.edu.ar/grupos/ipsep/images/escudo unrc4.png]
[www.ing.unrc.edu.ar/grupos/ipsep/images/u696-r.png]
[www.ing.unrc.edu.ar/grupos/ipsep/images/u696-a.png]
[www.ing.unrc.edu.ar/grupos/ipsep/images/u705-r.png]
[www.ing.unrc.edu.ar/grupos/ipsep/images/u705-a.png]
[www.ing.unrc.edu.ar/grupos/ipsep/images/u714-r.png]
[www.ing.unrc.edu.ar/grupos/ipsep/images/u714-a.png]
[www.ing.unrc.edu.ar/grupos/ipsep/images/u723-r.png]
[www.ing.unrc.edu.ar/grupos/ipsep/images/u723-a.png]
[www.ing.unrc.edu.ar/grupos/ipsep/images/u732-r.png]
[www.ing.unrc.edu.ar/grupos/ipsep/images/u732-a.png]
[www.ing.unrc.edu.ar/grupos/ipsep/images/u741-r.png]
[www.ing.unrc.edu.ar/grupos/ipsep/images/u741-a.png]
[www.ing.unrc.edu.ar/grupos/ipsep/images/u750-r.png]
[www.ing.unrc.edu.ar/grupos/ipsep/images/u750-a.png]
[www.ing.unrc.edu.ar/grupos/ipsep/images/u759-r.png]
[www.ing.unrc.edu.ar/grupos/ipsep/images/u759-a.png]
[www.ing.unrc.edu.ar/grupos/ipsep/scripts/1.1/museutils42cc.js]
[www.ing.unrc.edu.ar/grupos/ipsep/scripts/1.1/jquery.musemenufb0f.js]
[www.ing.unrc.edu.ar/grupos/ipsep/scripts/1.1/webpro2951.js]
[www.ing.unrc.edu.ar/grupos/ipsep/scripts/1.1/musewpslideshow85b6.js]
[www.ing.unrc.edu.ar/grupos/ipsep/scripts/1.1/jquery.museoverlaye06c.js]
[www.ing.unrc.edu.ar/grupos/ipsep/scripts/1.1/touchswipe1c79.js]
[www.ing.unrc.edu.ar/grupos/ipsep/index.html]
[www.ing.unrc.edu.ar/grupos/ipsep/css/site_global580a.css]
[www.ing.unrc.edu.ar/grupos/ipsep/css/master_a-p_gina-maestrab2e5.css]
[www.ing.unrc.edu.ar/grupos/ipsep/images/triangulo2-u2495-fr.png]
[www.ing.unrc.edu.ar/grupos/ipsep/images/u696.png]
[www.ing.unrc.edu.ar/grupos/ipsep/images/u705.png]
[www.ing.unrc.edu.ar/grupos/ipsep/images/u714.png]
[www.ing.unrc.edu.ar/grupos/ipsep/images/u723.png]
[www.ing.unrc.edu.ar/grupos/ipsep/images/u732.png]
[www.ing.unrc.edu.ar/grupos/ipsep/images/u741.png]
[www.ing.unrc.edu.ar/grupos/ipsep/images/u750.png]
[www.ing.unrc.edu.ar/grupos/ipsep/images/u759.png]
[www.ing.unrc.edu.ar/grupos/ipsep/images/loading.gif]
[www.ing.unrc.edu.ar/grupos/ipsep/css/indexbe5d.css]
[www.ing.unrc.edu.ar/grupos/ipsep/index-2.html]
[www.ing.unrc.edu.ar/grupos/ipsep/images/nuestra-historia-faviconc724.ico]
[www.ing.unrc.edu.ar/grupos/ipsep/images/nuestra historia.png]
[www.ing.unrc.edu.ar/grupos/ipsep/images/g395-3478-3000.gif]
[www.ing.unrc.edu.ar/grupos/ipsep/images/nuestrahistoria19-u5675.png]
[www.ing.unrc.edu.ar/grupos/ipsep/images/nuestrahistoria20-u5690.png]
[www.ing.unrc.edu.ar/grupos/ipsep/images/nuestrahistoria23-u5735.png]
[www.ing.unrc.edu.ar/grupos/ipsep/images/nuestrahistoria24-u5750.png]
[www.ing.unrc.edu.ar/grupos/ipsep/images/nuestrahistoria21-u5705.png]
[www.ing.unrc.edu.ar/grupos/ipsep/images/nuestrahistoria22-u5720.png]
[www.ing.unrc.edu.ar/grupos/ipsep/images/nuestrahistoria10-u5549.png]
[www.ing.unrc.edu.ar/grupos/ipsep/images/nuestrahistoria4-u5459.png]
[www.ing.unrc.edu.ar/grupos/ipsep/images/nuestrahistoria3-u5444.png]
[www.ing.unrc.edu.ar/grupos/ipsep/images/nuestrahistoria2-u5429.png]
[www.ing.unrc.edu.ar/grupos/ipsep/images/nuestrahistoria6-u5489.png]
[www.ing.unrc.edu.ar/grupos/ipsep/images/nuestrahistoria8-u5519.png]
[www.ing.unrc.edu.ar/grupos/ipsep/images/nuestrahistoria1-u5414.png]
[www.ing.unrc.edu.ar/grupos/ipsep/images/nuestrahistoria9-u5534.png]
[www.ing.unrc.edu.ar/grupos/ipsep/images/nuestrahistoria11-u5564.png]
[www.ing.unrc.edu.ar/grupos/ipsep/images/nuestrahistoria12-u5585.png]
[www.ing.unrc.edu.ar/grupos/ipsep/images/nuestrahistoria13-u5600.png]
[www.ing.unrc.edu.ar/grupos/ipsep/images/nuestrahistoria14-u5615.png]
[www.ing.unrc.edu.ar/grupos/ipsep/images/nuestrahistoria16-u5630.png]
[www.ing.unrc.edu.ar/grupos/ipsep/images/nuestrahistoria17-u5645.png]
[www.ing.unrc.edu.ar/grupos/ipsep/images/nuestrahistoria18-u5660.png]
[www.ing.unrc.edu.ar/grupos/ipsep/images/nuestrahistoria7-u5504.png]
[www.ing.unrc.edu.ar/grupos/ipsep/images/nuestrahistoria5-u5474.png]
[www.ing.unrc.edu.ar/grupos/ipsep/images/image_00-u5344.png]
[www.ing.unrc.edu.ar/grupos/ipsep/images/image_01-u5352.png]
[www.ing.unrc.edu.ar/grupos/ipsep/images/image_02-u5346.png]
[www.ing.unrc.edu.ar/grupos/ipsep/images/image_03-u5348.png]
[www.ing.unrc.edu.ar/grupos/ipsep/images/image_04-u5350.png]
[www.ing.unrc.edu.ar/grupos/ipsep/images/image_05-u5358.png]
[www.ing.unrc.edu.ar/grupos/ipsep/images/image_06-u5356.png]
[www.ing.unrc.edu.ar/grupos/ipsep/images/image_07-u5354.png]
[www.ing.unrc.edu.ar/grupos/ipsep/images/u5678-r.png]
[www.ing.unrc.edu.ar/grupos/ipsep/images/u5678-a.png]
[www.ing.unrc.edu.ar/grupos/ipsep/images/u5693-r.png]
[www.ing.unrc.edu.ar/grupos/ipsep/images/u5693-a.png]
[www.ing.unrc.edu.ar/grupos/ipsep/images/u5738-r.png]
[www.ing.unrc.edu.ar/grupos/ipsep/images/u5738-a.png]
[www.ing.unrc.edu.ar/grupos/ipsep/images/u5753-r.png]
[www.ing.unrc.edu.ar/grupos/ipsep/images/u5753-a.png]
[www.ing.unrc.edu.ar/grupos/ipsep/images/u5708-r.png]
[www.ing.unrc.edu.ar/grupos/ipsep/images/u5708-a.png]
[www.ing.unrc.edu.ar/grupos/ipsep/images/u5723-r.png]
[www.ing.unrc.edu.ar/grupos/ipsep/images/u5723-a.png]
[www.ing.unrc.edu.ar/grupos/ipsep/images/u5552-r.png]
[www.ing.unrc.edu.ar/grupos/ipsep/images/u5552-a.png]
[www.ing.unrc.edu.ar/grupos/ipsep/images/u5462-r.png]
[www.ing.unrc.edu.ar/grupos/ipsep/images/u5462-a.png]
[www.ing.unrc.edu.ar/grupos/ipsep/images/u5447-r.png]
[www.ing.unrc.edu.ar/grupos/ipsep/images/u5447-a.png]
[www.ing.unrc.edu.ar/grupos/ipsep/images/u5432-r.png]
[www.ing.unrc.edu.ar/grupos/ipsep/images/u5432-a.png]
[www.ing.unrc.edu.ar/grupos/ipsep/images/u5492-r.png]
[www.ing.unrc.edu.ar/grupos/ipsep/images/u5492-a.png]
[www.ing.unrc.edu.ar/grupos/ipsep/images/u5522-r.png]
[www.ing.unrc.edu.ar/grupos/ipsep/images/u5522-a.png]
[www.ing.unrc.edu.ar/grupos/ipsep/images/u5417-r.png]
[www.ing.unrc.edu.ar/grupos/ipsep/images/u5417-a.png]
[www.ing.unrc.edu.ar/grupos/ipsep/images/u5537-r.png]
[www.ing.unrc.edu.ar/grupos/ipsep/images/u5537-a.png]
[www.ing.unrc.edu.ar/grupos/ipsep/images/u5567-r.png]
[www.ing.unrc.edu.ar/grupos/ipsep/images/u5567-a.png]
[www.ing.unrc.edu.ar/grupos/ipsep/images/u5588-r.png]
[www.ing.unrc.edu.ar/grupos/ipsep/images/u5588-a.png]
[www.ing.unrc.edu.ar/grupos/ipsep/images/u5603-r.png]
[www.ing.unrc.edu.ar/grupos/ipsep/images/u5603-a.png]
[www.ing.unrc.edu.ar/grupos/ipsep/images/u5618-r.png]
[www.ing.unrc.edu.ar/grupos/ipsep/images/u5618-a.png]
[www.ing.unrc.edu.ar/grupos/ipsep/images/u5633-r.png]
[www.ing.unrc.edu.ar/grupos/ipsep/images/u5633-a.png]
[www.ing.unrc.edu.ar/grupos/ipsep/images/u5648-r.png]
[www.ing.unrc.edu.ar/grupos/ipsep/images/u5648-a.png]
[www.ing.unrc.edu.ar/grupos/ipsep/images/u5663-r.png]
[www.ing.unrc.edu.ar/grupos/ipsep/images/u5663-a.png]
[www.ing.unrc.edu.ar/grupos/ipsep/images/u5507-r.png]
[www.ing.unrc.edu.ar/grupos/ipsep/images/u5507-a.png]
[www.ing.unrc.edu.ar/grupos/ipsep/images/u5477-r.png]
[www.ing.unrc.edu.ar/grupos/ipsep/images/u5477-a.png]
[www.ing.unrc.edu.ar/grupos/ipsep/images/u5341-r.png]
[www.ing.unrc.edu.ar/grupos/ipsep/images/u5341-a.png]
[www.ing.unrc.edu.ar/grupos/ipsep/images/u5335-r.png]
[www.ing.unrc.edu.ar/grupos/ipsep/images/u5335-a.png]
[www.ing.unrc.edu.ar/grupos/ipsep/images/u5333-r.png]
[www.ing.unrc.edu.ar/grupos/ipsep/images/u5333-a.png]
[www.ing.unrc.edu.ar/grupos/ipsep/images/u5339-r.png]
[www.ing.unrc.edu.ar/grupos/ipsep/images/u5339-a.png]
[www.ing.unrc.edu.ar/grupos/ipsep/images/u5329-r.png]
[www.ing.unrc.edu.ar/grupos/ipsep/images/u5329-a.png]
[www.ing.unrc.edu.ar/grupos/ipsep/images/u5331-r.png]
[www.ing.unrc.edu.ar/grupos/ipsep/images/u5331-a.png]
[www.ing.unrc.edu.ar/grupos/ipsep/images/u5327-r.png]
[www.ing.unrc.edu.ar/grupos/ipsep/images/u5327-a.png]
[www.ing.unrc.edu.ar/grupos/ipsep/images/u5337-r.png]
[www.ing.unrc.edu.ar/grupos/ipsep/images/u5337-a.png]
[www.ing.unrc.edu.ar/grupos/ipsep/nuestrahistoria.html]
[www.ing.unrc.edu.ar/grupos/ipsep/images/ensayos-faviconc724.ico]
[www.ing.unrc.edu.ar/grupos/ipsep/images/logo_lec2-u783.png]
[www.ing.unrc.edu.ar/grupos/ipsep/images/lab1-u4654.png]
[www.ing.unrc.edu.ar/grupos/ipsep/images/lab2-u4658.png]
[www.ing.unrc.edu.ar/grupos/ipsep/images/lab3-u4652.png]
[www.ing.unrc.edu.ar/grupos/ipsep/images/dsc08883-u4660.png]
[www.ing.unrc.edu.ar/grupos/ipsep/images/dsc08885-u4666.png]
[www.ing.unrc.edu.ar/grupos/ipsep/images/dsc08887-u4662.png]
[www.ing.unrc.edu.ar/grupos/ipsep/images/dsc08888-u4664.png]
[www.ing.unrc.edu.ar/grupos/ipsep/images/dsc08890-u4656.png]
[www.ing.unrc.edu.ar/grupos/ipsep/images/dsc08891-u4668.png]
[www.ing.unrc.edu.ar/grupos/ipsep/images/dsc08892-u4650.png]
[www.ing.unrc.edu.ar/grupos/ipsep/images/lecsombra.png]
[www.ing.unrc.edu.ar/grupos/ipsep/images/lec.png]
[dl.dropbox.com/u/87628086/Ipsep/2011 - Certificado (color).b6.delayed]
[www.ing.unrc.edu.ar/grupos/ipsep/images/abb_interruptor_termomagnetico.jpg]
[www.ing.unrc.edu.ar/grupos/ipsep/images/interruptores-termomagneticos-5sy-siemens.png]
[www.ing.unrc.edu.ar/grupos/ipsep/images/int termomagn schneider hp industrial 3.jpg]
[www.ing.unrc.edu.ar/grupos/ipsep/images/diferencial-2-x-40-a-30-ma-siemens.jpg]
[www.ing.unrc.edu.ar/grupos/ipsep/images/8_1_b.jpg]
[www.ing.unrc.edu.ar/grupos/ipsep/images/seriedp100.jpg]
[www.ing.unrc.edu.ar/grupos/ipsep/images/2csc40055f0001.jpg]
[www.ing.unrc.edu.ar/grupos/ipsep/images/nh-fuses-home.jpg]
[www.ing.unrc.edu.ar/grupos/ipsep/images/diazed-fuses-mainphoto.jpg]
[www.ing.unrc.edu.ar/grupos/ipsep/images/interruptor-seccionador-de-baja-tension-25580-2358675.jpg]
[www.ing.unrc.edu.ar/grupos/ipsep/images/contactores.gif]
[www.ing.unrc.edu.ar/grupos/ipsep/images/fines de carrera-u4898.jpg]
[www.ing.unrc.edu.ar/grupos/ipsep/images/comando_sinalizacao_g-u4902.jpg]
[www.ing.unrc.edu.ar/grupos/ipsep/images/20036.jpg]
[www.ing.unrc.edu.ar/grupos/ipsep/images/40051.jpg]
[www.ing.unrc.edu.ar/grupos/ipsep/images/40035.jpg]
[www.ing.unrc.edu.ar/grupos/ipsep/images/brasikon01_0.jpg]
[www.ing.unrc.edu.ar/grupos/ipsep/images/ultima-novedad-en-protección-contra-sobretensiones.jpg]
[www.ing.unrc.edu.ar/grupos/ipsep/images/26014_f01.jpg]
[www.ing.unrc.edu.ar/grupos/ipsep/images/pv_19660900004901.jpg]
[www.ing.unrc.edu.ar/grupos/ipsep/images/imagen1.jpg]
[www.ing.unrc.edu.ar/grupos/ipsep/images/imagen2-u4941.jpg]
[www.ing.unrc.edu.ar/grupos/ipsep/images/imagen4.jpg]
[www.ing.unrc.edu.ar/grupos/ipsep/images/imagen5.jpg]
[www.ing.unrc.edu.ar/grupos/ipsep/images/imagen6.jpg]
[www.ing.unrc.edu.ar/grupos/ipsep/images/imagen7.jpg]
[www.ing.unrc.edu.ar/grupos/ipsep/images/imagen8.jpg]
[www.ing.unrc.edu.ar/grupos/ipsep/images/imagen9.jpg]
[www.ing.unrc.edu.ar/grupos/ipsep/images/imagen10.jpg]
[www.ing.unrc.edu.ar/grupos/ipsep/images/imagen11.jpg]
[www.ing.unrc.edu.ar/grupos/ipsep/images/imagen12.jpg]
[www.ing.unrc.edu.ar/grupos/ipsep/images/imagen13.jpg]
[www.ing.unrc.edu.ar/grupos/ipsep/images/imagen14.jpg]
[www.ing.unrc.edu.ar/grupos/ipsep/images/u4602-r.png]
[www.ing.unrc.edu.ar/grupos/ipsep/images/u4602-a.png]
[www.ing.unrc.edu.ar/grupos/ipsep/images/u4604-r.png]
[www.ing.unrc.edu.ar/grupos/ipsep/images/u4604-a.png]
[www.ing.unrc.edu.ar/grupos/ipsep/images/u4606-r.png]
[www.ing.unrc.edu.ar/grupos/ipsep/images/u4606-a.png]
[www.ing.unrc.edu.ar/grupos/ipsep/images/u4608-r.png]
[www.ing.unrc.edu.ar/grupos/ipsep/images/u4608-a.png]
[www.ing.unrc.edu.ar/grupos/ipsep/images/u4614-r.png]
[www.ing.unrc.edu.ar/grupos/ipsep/images/u4614-a.png]
[www.ing.unrc.edu.ar/grupos/ipsep/images/u4612-r.png]
[www.ing.unrc.edu.ar/grupos/ipsep/images/u4612-a.png]
[www.ing.unrc.edu.ar/grupos/ipsep/images/u4610-r.png]
[www.ing.unrc.edu.ar/grupos/ipsep/images/u4610-a.png]
[www.ing.unrc.edu.ar/grupos/ipsep/images/u4596-r.png]
[www.ing.unrc.edu.ar/grupos/ipsep/images/u4596-a.png]
[www.ing.unrc.edu.ar/grupos/ipsep/images/u4600-r.png]
[www.ing.unrc.edu.ar/grupos/ipsep/images/u4600-a.png]
[www.ing.unrc.edu.ar/grupos/ipsep/images/u4598-r.png]
[www.ing.unrc.edu.ar/grupos/ipsep/images/u4598-a.png]
[www.ing.unrc.edu.ar/grupos/ipsep/images/u4723-4-r-sprite.png]
[www.ing.unrc.edu.ar/grupos/ipsep/images/u4988-r-sprite.png]
[www.ing.unrc.edu.ar/grupos/ipsep/images/u5004-r-sprite.png]
[www.ing.unrc.edu.ar/grupos/ipsep/images/u4986-r-full.png]
[www.ing.unrc.edu.ar/grupos/ipsep/images/u4980-r-sprite.png]
[www.ing.unrc.edu.ar/grupos/ipsep/images/u5000-r-sprite.png]
[www.ing.unrc.edu.ar/grupos/ipsep/scripts/1.1/musewpdisclosure5b24.js]
[www.ing.unrc.edu.ar/grupos/ipsep/ensayos.html]
[www.ing.unrc.edu.ar/grupos/ipsep/images/investigacion-u2614.png]
[www.ing.unrc.edu.ar/grupos/ipsep/images/viñeta.png]
[www.ing.unrc.edu.ar/grupos/ipsep/images/viñeta2.png]
[www.ing.unrc.edu.ar/grupos/ipsep/investigacion.html]
[www.ing.unrc.edu.ar/grupos/ipsep/images/cursos-faviconc724.ico]
[www.ing.unrc.edu.ar/grupos/ipsep/images/100_289060x45.jpg]
[www.ing.unrc.edu.ar/grupos/ipsep/images/fotos babi 00259x44.jpg]
[www.ing.unrc.edu.ar/grupos/ipsep/images/calidad_g61x45.png]
[www.ing.unrc.edu.ar/grupos/ipsep/images/img_307760x45.jpg]
[www.ing.unrc.edu.ar/grupos/ipsep/images/img_306460x45.jpg]
[www.ing.unrc.edu.ar/grupos/ipsep/images/dsc08965.jpg]
[www.ing.unrc.edu.ar/grupos/ipsep/images/dsc08974.jpg]
[www.ing.unrc.edu.ar/grupos/ipsep/images/dsc08988.jpg]
[www.ing.unrc.edu.ar/grupos/ipsep/images/dsc08997.jpg]
[www.ing.unrc.edu.ar/grupos/ipsep/images/dsc09006.jpg]
[www.ing.unrc.edu.ar/grupos/ipsep/images/dsc09028-u5992.jpg]
[www.ing.unrc.edu.ar/grupos/ipsep/images/100_2890.jpg]
[www.ing.unrc.edu.ar/grupos/ipsep/images/fotos babi 002.jpg]
[www.ing.unrc.edu.ar/grupos/ipsep/images/calidad_g.png]
[www.ing.unrc.edu.ar/grupos/ipsep/images/img_3077.jpg]
[www.ing.unrc.edu.ar/grupos/ipsep/images/img_3064.jpg]
[www.ing.unrc.edu.ar/grupos/ipsep/images/dsc089652.jpg]
[www.ing.unrc.edu.ar/grupos/ipsep/images/dsc089742.jpg]
[www.ing.unrc.edu.ar/grupos/ipsep/images/dsc089882.jpg]
[www.ing.unrc.edu.ar/grupos/ipsep/images/dsc089972.jpg]
[www.ing.unrc.edu.ar/grupos/ipsep/images/dsc090062.jpg]
[www.ing.unrc.edu.ar/grupos/ipsep/images/dsc09028.jpg]
[www.ing.unrc.edu.ar/grupos/ipsep/images/logoipsep19.png]
[www.ing.unrc.edu.ar/grupos/ipsep/images/cursos-u2627.png]
[www.ing.unrc.edu.ar/grupos/ipsep/cursos.html]
[www.ing.unrc.edu.ar/grupos/ipsep/images/docencia-faviconc724.ico]
[www.ing.unrc.edu.ar/grupos/ipsep/images/materias.png]
[www.ing.unrc.edu.ar/grupos/ipsep/images/docencia-u2632.png]
[www.ing.unrc.edu.ar/grupos/ipsep/docencia.html]
[www.ing.unrc.edu.ar/grupos/ipsep/images/integrantes-faviconc724.ico]
[www.ing.unrc.edu.ar/grupos/ipsep/images/integrantes-u2637.png]
[www.ing.unrc.edu.ar/grupos/ipsep/images/organigrama.png]
[www.ing.unrc.edu.ar/grupos/ipsep/images/gomez_j_c-u4436.png]
[www.ing.unrc.edu.ar/grupos/ipsep/images/dt-u4438.png]
[www.ing.unrc.edu.ar/grupos/ipsep/images/campetelli_g-u4440.png]
[www.ing.unrc.edu.ar/grupos/ipsep/images/gz-u4456.png]
[www.ing.unrc.edu.ar/grupos/ipsep/images/amatti-u4443.png]
[www.ing.unrc.edu.ar/grupos/ipsep/images/florena-u4445.png]
[www.ing.unrc.edu.ar/grupos/ipsep/images/reineri-u4447.png]
[www.ing.unrc.edu.ar/grupos/ipsep/images/mittino_m-u4449.png]
[www.ing.unrc.edu.ar/grupos/ipsep/images/nesci_s-u4451.png]
[www.ing.unrc.edu.ar/grupos/ipsep/images/romero_hf-u4463.png]
[www.ing.unrc.edu.ar/grupos/ipsep/images/foto-u5836.png]
[www.ing.unrc.edu.ar/grupos/ipsep/images/perez-u5164.png]
[www.ing.unrc.edu.ar/grupos/ipsep/images/volonte-u4469.png]
[www.ing.unrc.edu.ar/grupos/ipsep/images/giussiano_m-u4472.png]
[www.ing.unrc.edu.ar/grupos/ipsep/images/yain_m-u4475.png]
[www.ing.unrc.edu.ar/grupos/ipsep/images/sterbenc_j_i-u4478.png]
[www.ing.unrc.edu.ar/grupos/ipsep/images/moran_e-u4481.png]
[www.ing.unrc.edu.ar/grupos/ipsep/images/sampaolesi_g-u4484.png]
[www.ing.unrc.edu.ar/grupos/ipsep/images/franco_a-u4487.png]
[www.ing.unrc.edu.ar/grupos/ipsep/images/scolari_m-u4490.png]
[www.ing.unrc.edu.ar/grupos/ipsep/images/roveres_h-u4493.png]
[www.ing.unrc.edu.ar/grupos/ipsep/images/caffa_c-u4496.png]
[www.ing.unrc.edu.ar/grupos/ipsep/images/felauto_e-u4499.png]
[www.ing.unrc.edu.ar/grupos/ipsep/images/bernardi_c-u4502.png]
[www.ing.unrc.edu.ar/grupos/ipsep/images/boggeti_p-u4505.png]
[www.ing.unrc.edu.ar/grupos/ipsep/images/romero_d-u4508.png]
[www.ing.unrc.edu.ar/grupos/ipsep/images/yorye_m_e-u4511.png]
[www.ing.unrc.edu.ar/grupos/ipsep/integrantes.html]
[www.ing.unrc.edu.ar/grupos/ipsep/images/becas-pasantia-u2873.png]
[www.ing.unrc.edu.ar/grupos/ipsep/images/becas.png]
[www.ing.unrc.edu.ar/grupos/ipsep/images/sala2-u4365.png]
[www.ing.unrc.edu.ar/grupos/ipsep/images/ipsep 2012 (16)-u4384.png]
[www.ing.unrc.edu.ar/grupos/ipsep/images/ipsep 2012 (13)-u4408.png]
[www.ing.unrc.edu.ar/grupos/ipsep/images/laboratorio-u4423.png]
[www.ing.unrc.edu.ar/grupos/ipsep/images/dsc04978-u4335.png]
[www.ing.unrc.edu.ar/grupos/ipsep/images/galpon-u4350.png]
[www.ing.unrc.edu.ar/grupos/ipsep/images/sala231x24.jpg]
[www.ing.unrc.edu.ar/grupos/ipsep/images/ipsep 2012 (16)31x24.jpg]
[www.ing.unrc.edu.ar/grupos/ipsep/images/ipsep 2012 (13)31x24.jpg]
[www.ing.unrc.edu.ar/grupos/ipsep/images/laboratorio31x24.jpg]
[www.ing.unrc.edu.ar/grupos/ipsep/images/dsc0497831x24.jpg]
[www.ing.unrc.edu.ar/grupos/ipsep/images/galpon31x28.jpg]
[www.ing.unrc.edu.ar/grupos/ipsep/images/pasantias.png]
[www.ing.unrc.edu.ar/grupos/ipsep/becaspasantias.html]
[www.ing.unrc.edu.ar/grupos/ipsep/images/contacto-faviconc724.ico]
[www.ing.unrc.edu.ar/grupos/ipsep/images/contacto-u2591.png]
[www.ing.unrc.edu.ar/grupos/ipsep/assets/trafo.wmv]
[www.ing.unrc.edu.ar/grupos/ipsep/contacto.html]
[www.ing.unrc.edu.ar/grupos/ipsep/images/enlaces-faviconc724.ico]
[www.ing.unrc.edu.ar/grupos/ipsep/images/enlaces-u3148.png]
[www.ing.unrc.edu.ar/grupos/ipsep/images/portapapeles-u3143.png]
[www.ing.unrc.edu.ar/grupos/ipsep/images/portapapeles-u4030.png]
[www.ing.unrc.edu.ar/grupos/ipsep/images/portapapeles-u3385.png]
[www.ing.unrc.edu.ar/grupos/ipsep/images/portapapeles-u3395.png]
[www.ing.unrc.edu.ar/grupos/ipsep/images/portapapeles-u3390.png]
[www.ing.unrc.edu.ar/grupos/ipsep/enlaces.html]
[cdnjs.cloudflare.com/ajax/libs/balloon-css/0.5.0/balloon.min.css]
[widgets.amung.us/map.js]
[www.ing.unrc.edu.ar/grupos/ipsep/images/u5678.png]
[www.ing.unrc.edu.ar/grupos/ipsep/images/u5693.png]
[www.ing.unrc.edu.ar/grupos/ipsep/images/u5738.png]
[www.ing.unrc.edu.ar/grupos/ipsep/images/u5753.png]
[www.ing.unrc.edu.ar/grupos/ipsep/images/u5708.png]
[www.ing.unrc.edu.ar/grupos/ipsep/images/u5723.png]
[www.ing.unrc.edu.ar/grupos/ipsep/images/u5552.png]
[www.ing.unrc.edu.ar/grupos/ipsep/images/u5462.png]
[www.ing.unrc.edu.ar/grupos/ipsep/images/u5447.png]
[www.ing.unrc.edu.ar/grupos/ipsep/images/u5432.png]
[www.ing.unrc.edu.ar/grupos/ipsep/images/u5492.png]
[www.ing.unrc.edu.ar/grupos/ipsep/images/u5522.png]
[www.ing.unrc.edu.ar/grupos/ipsep/images/u5417.png]
[www.ing.unrc.edu.ar/grupos/ipsep/images/u5537.png]
[www.ing.unrc.edu.ar/grupos/ipsep/images/u5567.png]
[www.ing.unrc.edu.ar/grupos/ipsep/images/u5588.png]
[www.ing.unrc.edu.ar/grupos/ipsep/images/u5603.png]
[www.ing.unrc.edu.ar/grupos/ipsep/images/u5618.png]
[www.ing.unrc.edu.ar/grupos/ipsep/images/u5633.png]
[www.ing.unrc.edu.ar/grupos/ipsep/images/u5648.png]
[www.ing.unrc.edu.ar/grupos/ipsep/images/u5663.png]
[www.ing.unrc.edu.ar/grupos/ipsep/images/u5507.png]
[www.ing.unrc.edu.ar/grupos/ipsep/images/u5477.png]
[www.ing.unrc.edu.ar/grupos/ipsep/images/u5341.png]
[www.ing.unrc.edu.ar/grupos/ipsep/images/u5335.png]
[www.ing.unrc.edu.ar/grupos/ipsep/images/u5333.png]
[www.ing.unrc.edu.ar/grupos/ipsep/images/u5339.png]
[www.ing.unrc.edu.ar/grupos/ipsep/images/u5329.png]
[www.ing.unrc.edu.ar/grupos/ipsep/images/u5331.png]
[www.ing.unrc.edu.ar/grupos/ipsep/images/u5327.png]
[www.ing.unrc.edu.ar/grupos/ipsep/css/nuestrahistoriab205.css]
[www.ing.unrc.edu.ar/grupos/ipsep/images/u5337.png]
[www.ing.unrc.edu.ar/grupos/ipsep/images/u4602.png]
[www.ing.unrc.edu.ar/grupos/ipsep/images/u4604.png]
[www.ing.unrc.edu.ar/grupos/ipsep/images/u4606.png]
[www.ing.unrc.edu.ar/grupos/ipsep/images/u4608.png]
[www.ing.unrc.edu.ar/grupos/ipsep/images/u4614.png]
[www.ing.unrc.edu.ar/grupos/ipsep/images/u4612.png]
[www.ing.unrc.edu.ar/grupos/ipsep/images/u4610.png]
[www.ing.unrc.edu.ar/grupos/ipsep/images/u4596.png]
[www.ing.unrc.edu.ar/grupos/ipsep/images/u4600.png]
[www.ing.unrc.edu.ar/grupos/ipsep/images/u4598.png]
[www.ing.unrc.edu.ar/grupos/ipsep/images/u4723-4-sprite.png]
[www.ing.unrc.edu.ar/grupos/ipsep/images/video.jpg]
[www.ing.unrc.edu.ar/grupos/ipsep/images/u4988-sprite.png]
[www.ing.unrc.edu.ar/grupos/ipsep/images/u5004-sprite.png]
[www.ing.unrc.edu.ar/grupos/ipsep/images/u4986-full.png]
[www.ing.unrc.edu.ar/grupos/ipsep/images/u4980-sprite.png]
[www.ing.unrc.edu.ar/grupos/ipsep/images/u5000-sprite.png]
[www.ing.unrc.edu.ar/grupos/ipsep/css/ensayosc96a.css]
[dl.dropbox.com/u/87628086/Ipsep/2011 - Certificado (color).html]
[www.ing.unrc.edu.ar/grupos/ipsep/images/curva-de-desconexión-c.html]
[www.ing.unrc.edu.ar/grupos/ipsep/images/investigación-faviconc724.html]
[www.ing.unrc.edu.ar/grupos/ipsep/css/investigacion6c87.css]
[www.ing.unrc.edu.ar/grupos/ipsep/css/cursos3869.css]
[www.ing.unrc.edu.ar/grupos/ipsep/images/u3093-sprite.png]
[www.ing.unrc.edu.ar/grupos/ipsep/css/docencia44e7.css]
[www.ing.unrc.edu.ar/grupos/ipsep/css/integrantes5080.css]
[www.ing.unrc.edu.ar/grupos/ipsep/images/becas-y-pasantías-faviconc724.html]
[www.ing.unrc.edu.ar/grupos/ipsep/css/becaspasantiasa45e.css]
[www.ing.unrc.edu.ar/grupos/ipsep/css/contactoe613.css]
[www.ing.unrc.edu.ar/grupos/ipsep/css/enlacesbcea.css]
[cdnjs.cloudflare.com/ajax/libs/balloon-css/0.5.0/balloon.min.css]
[www.ing.unrc.edu.ar/grupos/ipsep/amung.us/map.html]
[www.ing.unrc.edu.ar/grupos/ipsep/css/scripts/1.1/pie.html]
[www.ing.unrc.edu.ar/grupos/ipsep/css/images/video-u4932-fr.html]
[webfonts.creativecloud.com/adamina_n4_all.js]
